-- Configuring done (0.2s)
-- Generating done (0.0s)
-- Build files have been written to: G:/Agent/GL30-Haptic-Control/outputs/esp32-settings-storage-20261002/build-esp32-msvc
ninja: no work to do.
Test project G:/Agent/GL30-Haptic-Control/outputs/esp32-settings-storage-20261002/build-esp32-msvc
    Start 1: model_and_gestures
1/8 Test #1: model_and_gestures .........................   Passed    0.02 sec
    Start 2: preferences_record_and_runtime_isolation
2/8 Test #2: preferences_record_and_runtime_isolation ...   Passed    0.02 sec
    Start 3: rgb565_and_ui
3/8 Test #3: rgb565_and_ui ..............................   Passed    0.36 sec
    Start 4: motor_menu_protocol_and_state
4/8 Test #4: motor_menu_protocol_and_state ..............   Passed    0.02 sec
    Start 5: board_dma_failure_ownership
5/8 Test #5: board_dma_failure_ownership ................   Passed    0.02 sec
    Start 6: input_stop_without_ui_queue
6/8 Test #6: input_stop_without_ui_queue ................   Passed    0.02 sec
    Start 7: motor_stop_generation_and_owner
7/8 Test #7: motor_stop_generation_and_owner ............   Passed    0.02 sec
    Start 8: settings_store_reservations_and_failures
8/8 Test #8: settings_store_reservations_and_failures ...   Passed    0.02 sec

100% tests passed, 0 tests failed out of 8

Total Test time (real) =   0.61 sec
-- Configuring done (0.0s)
-- Generating done (0.0s)
-- Build files have been written to: G:/Agent/GL30-Haptic-Control/outputs/esp32-settings-storage-20261002/build-stm32-msvc
[1/2] Building C object CMakeFiles\product_power_startup_tests.dir\product_power_startup_tests.c.obj
注意: 包含文件:  G:\software\VStudio\VC\Tools\MSVC\14.44.35207\include\stdbool.h
注意: 包含文件:  G:\software\VStudio\VC\Tools\MSVC\14.44.35207\include\stdint.h
注意: 包含文件:   G:\software\VStudio\VC\Tools\MSVC\14.44.35207\include\vcruntime.h
注意: 包含文件:    G:\software\VStudio\VC\Tools\MSVC\14.44.35207\include\sal.h
注意: 包含文件:     G:\software\VStudio\VC\Tools\MSVC\14.44.35207\include\concurrencysal.h
注意: 包含文件:    G:\software\VStudio\VC\Tools\MSVC\14.44.35207\include\vadefs.h
注意: 包含文件:  C:\Program Files (x86)\Windows Kits\10\include\10.0.26100.0\ucrt\stdio.h
注意: 包含文件:   C:\Program Files (x86)\Windows Kits\10\include\10.0.26100.0\ucrt\corecrt.h
注意: 包含文件:   C:\Program Files (x86)\Windows Kits\10\include\10.0.26100.0\ucrt\corecrt_wstdio.h
注意: 包含文件:    C:\Program Files (x86)\Windows Kits\10\include\10.0.26100.0\ucrt\corecrt_stdio_config.h
注意: 包含文件:  C:\Program Files (x86)\Windows Kits\10\include\10.0.26100.0\ucrt\string.h
注意: 包含文件:   C:\Program Files (x86)\Windows Kits\10\include\10.0.26100.0\ucrt\corecrt_memory.h
注意: 包含文件:    C:\Program Files (x86)\Windows Kits\10\include\10.0.26100.0\ucrt\corecrt_memcpy_s.h
注意: 包含文件:     C:\Program Files (x86)\Windows Kits\10\include\10.0.26100.0\ucrt\errno.h
注意: 包含文件:     G:\software\VStudio\VC\Tools\MSVC\14.44.35207\include\vcruntime_string.h
注意: 包含文件:   C:\Program Files (x86)\Windows Kits\10\include\10.0.26100.0\ucrt\corecrt_wstring.h
注意: 包含文件:  G:\Agent\GL30-Haptic-Control\firmware-stm32\tests\../config/board_config.h
注意: 包含文件:  G:\Agent\GL30-Haptic-Control\firmware-stm32\tests\../control/control_lease.h
注意: 包含文件:   G:\Agent\GL30-Haptic-Control\firmware-stm32\protocol\v6_protocol.h
注意: 包含文件:    C:\Program Files (x86)\Windows Kits\10\include\10.0.26100.0\ucrt\stddef.h
注意: 包含文件:  G:\Agent\GL30-Haptic-Control\firmware-stm32\tests\../control/current_zero.h
注意: 包含文件:  G:\Agent\GL30-Haptic-Control\firmware-stm32\tests\../control/foc.h
注意: 包含文件:  G:\Agent\GL30-Haptic-Control\firmware-stm32\tests\../drivers/board_sense.h
注意: 包含文件:  G:\Agent\GL30-Haptic-Control\firmware-stm32\tests\../drivers/drv8316.h
注意: 包含文件:  G:\Agent\GL30-Haptic-Control\firmware-stm32\tests\../drivers/factory_encoder.h
注意: 包含文件:  G:\Agent\GL30-Haptic-Control\firmware-stm32\tests\../haptics/haptics.h
注意: 包含文件:  G:\Agent\GL30-Haptic-Control\firmware-stm32\tests\../safety/safety_supervisor.h
注意: 包含文件:  G:\Agent\GL30-Haptic-Control\outputs\esp32-settings-storage-20261002\build-stm32-msvc\product_power_stage_under_test.inc
注意: 包含文件:  G:\Agent\GL30-Haptic-Control\outputs\esp32-settings-storage-20261002\build-stm32-msvc\product_power_startup_under_test.inc
[2/2] Linking C executable product_power_startup_tests.exe
Test project G:/Agent/GL30-Haptic-Control/outputs/esp32-settings-storage-20261002/build-stm32-msvc
      Start  1: gl30-host-tests
 1/15 Test  #1: gl30-host-tests ..................   Passed    0.02 sec
      Start  2: control-lease-tests
 2/15 Test  #2: control-lease-tests ..............   Passed    0.02 sec
      Start  3: foc-safety-tests
 3/15 Test  #3: foc-safety-tests .................   Passed    0.04 sec
      Start  4: bench-safety-tests
 4/15 Test  #4: bench-safety-tests ...............   Passed    0.02 sec
      Start  5: bench-hw-diagnostic-tests
 5/15 Test  #5: bench-hw-diagnostic-tests ........   Passed    0.04 sec
      Start  6: bench-app-diagnostic-tests
 6/15 Test  #6: bench-app-diagnostic-tests .......   Passed    0.06 sec
      Start  7: haptic-behaviour-tests
 7/15 Test  #7: haptic-behaviour-tests ...........   Passed    0.02 sec
      Start  8: bench-cordic-tests
 8/15 Test  #8: bench-cordic-tests ...............   Passed    0.09 sec
      Start  9: product-timebase-tests
 9/15 Test  #9: product-timebase-tests ...........   Passed    0.02 sec
      Start 10: product-driver-tests
10/15 Test #10: product-driver-tests .............   Passed    0.02 sec
      Start 11: product-encoder-tests
11/15 Test #11: product-encoder-tests ............   Passed    0.03 sec
      Start 12: product-uart-rx-tests
12/15 Test #12: product-uart-rx-tests ............   Passed    0.03 sec
      Start 13: current-zero-tests
13/15 Test #13: current-zero-tests ...............   Passed    0.03 sec
      Start 14: product-adc-zero-tests
14/15 Test #14: product-adc-zero-tests ...........   Passed    0.03 sec
      Start 15: product-power-startup-tests
15/15 Test #15: product-power-startup-tests ......   Passed    0.06 sec

100% tests passed, 0 tests failed out of 15

Total Test time (real) =   0.75 sec
