Activating ESP-IDF 5.5
Setting IDF_PATH to 'G:\Agent\.tools\esp-idf-v5.5.1'.
* Checking python version ... 3.14.4
* Checking python dependencies ... OK
* Deactivating the current ESP-IDF environment (if any) ... OK
* Establishing a new ESP-IDF environment ... OK
* Identifying shell ... pwsh.exe
* Detecting outdated tools in system ... OK - no outdated tools found

Done! You can now compile ESP-IDF projects.
Go to the project directory and run:

  idf.py build

Executing action: all (aliases: build)
Running ninja in directory G:\Agent\GL30-Haptic-Control\firmware-esp32\build-idf
Executing "ninja all"...
[1/12] Performing build step for 'bootloader'

[1/1] C:\WINDOWS\system32\cmd.exe /C "cd /D G:\Agent\GL30-Haptic-Control\firmware-esp32\build-idf\bootloader\esp-idf\esptool_py && G:\Agent\.tools\esp-idf-tools\python_env\idf5.5_py3.14_env\Scripts\python.exe G:/Agent/.tools/esp-idf-v5.5.1/components/partition_table/check_sizes.py --offset 0x8000 bootloader 0x0 G:/Agent/GL30-Haptic-Control/firmware-esp32/build-idf/bootloader/bootloader.bin"


Bootloader binary size 0x51a0 bytes. 0x2e60 bytes (36%) free.



[2/12] No install step for 'bootloader'

[3/12] Completed 'bootloader'

[4/12] Building C object esp-idf/main/CMakeFiles/__idf_main.dir/gl30_settings_store.c.obj

[5/12] Building C object esp-idf/gl30_motor/CMakeFiles/__idf_gl30_motor.dir/src/gl30_motor.c.obj

[6/12] Linking C static library esp-idf\gl30_motor\libgl30_motor.a

[7/12] Building C object esp-idf/main/CMakeFiles/__idf_main.dir/app_main.c.obj

[8/12] Linking C static library esp-idf\main\libmain.a

[9/12] Generating esp-idf/esp_system/ld/sections.ld

[10/12] Linking CXX executable gl30_haptic_control.elf

[11/12] Generating binary image from built executable

esptool.py v4.12.0


Creating esp32s3 image...


Merged 2 ELF sections


Successfully created esp32s3 image.


Generated G:/Agent/GL30-Haptic-Control/firmware-esp32/build-idf/gl30_haptic_control.bin

[12/12] C:\WINDOWS\system32\cmd.exe /C "cd /D G:\Agent\GL30-Haptic-Control\firmware-esp32\build-idf\esp-idf\esptool_py && G:\Agent\.tools\esp-idf-tools\python_env\idf5.5_py3.14_env\Scripts\python.exe G:/Agent/.tools/esp-idf-v5.5.1/components/partition_table/check_sizes.py --offset 0x8000 partition --type app G:/Agent/GL30-Haptic-Control/firmware-esp32/build-idf/partition_table/partition-table.bin G:/Agent/GL30-Haptic-Control/firmware-esp32/build-idf/gl30_haptic_control.bin"

gl30_haptic_control.bin binary size 0x10f110 bytes. Smallest app partition is 0x300000 bytes. 0x1f0ef0 bytes (65%) free.




Project build complete. To flash, run:
 idf.py flash
or
 idf.py -p PORT flash
or
 python -m esptool --chip esp32s3 -b 460800 --before default_reset --after hard_reset write_flash --flash_mode dio --flash_size detect --flash_freq 80m 0x0 build-idf\bootloader\bootloader.bin 0x8000 build-idf\partition_table\partition-table.bin 0x10000 build-idf\gl30_haptic_control.bin
or from the "G:\Agent\GL30-Haptic-Control\firmware-esp32\build-idf" directory
 python -m esptool --chip esp32s3 -b 460800 --before default_reset --after hard_reset write_flash "@flash_args"
ESP-IDF build succeeded.
Build directory: G:\Agent\GL30-Haptic-Control\firmware-esp32\build-idf
Build log: G:\Agent\GL30-Haptic-Control\firmware-esp32\build-idf\build-firmware.log
Artifact: G:\Agent\GL30-Haptic-Control\firmware-esp32\build-idf\gl30_haptic_control.bin
Artifact: G:\Agent\GL30-Haptic-Control\firmware-esp32\build-idf\bootloader\bootloader.bin
Artifact: G:\Agent\GL30-Haptic-Control\firmware-esp32\build-idf\partition_table\partition-table.bin
