-- The C compiler identification is GNU 11.4.0
-- Detecting C compiler ABI info
-- Detecting C compiler ABI info - done
-- Check for working C compiler: /usr/bin/cc - skipped
-- Detecting C compile features
-- Detecting C compile features - done
-- Configuring done
-- Generating done
-- Build files have been written to: /mnt/g/Agent/GL30-Haptic-Control/tmp/github-sync-20261003/build/public-stm32-release-lto
[  1%] Building C object CMakeFiles/bench_safety_tests.dir/bench_safety_tests.c.o
[  3%] Building C object CMakeFiles/gl30_host_test_sources.dir/mnt/g/Agent/GL30-Haptic-Control/tmp/github-sync-20261003/firmware-stm32/protocol/v6_protocol.c.o
[  5%] Building C object CMakeFiles/bench_safety_tests.dir/mnt/g/Agent/GL30-Haptic-Control/tmp/github-sync-20261003/firmware-stm32/bench/NUCLEO_G474RE_FOC/Core/Src/bench_safety.c.o
[  7%] Building C object CMakeFiles/bench_safety_tests.dir/mnt/g/Agent/GL30-Haptic-Control/tmp/github-sync-20261003/firmware-stm32/drivers/as5048a.c.o
[  9%] Building C object CMakeFiles/gl30_host_test_sources.dir/mnt/g/Agent/GL30-Haptic-Control/tmp/github-sync-20261003/firmware-stm32/drivers/drv8316.c.o
[ 11%] Linking C executable bench_safety_tests
[ 12%] Building C object CMakeFiles/gl30_host_test_sources.dir/mnt/g/Agent/GL30-Haptic-Control/tmp/github-sync-20261003/firmware-stm32/drivers/drv8316_spi.c.o
[ 14%] Building C object CMakeFiles/gl30_host_test_sources.dir/mnt/g/Agent/GL30-Haptic-Control/tmp/github-sync-20261003/firmware-stm32/drivers/ina228.c.o
[ 14%] Built target bench_safety_tests
[ 16%] Building C object CMakeFiles/bench_hw_diagnostic_tests.dir/bench_hw_diagnostic_tests.c.o
[ 18%] Building C object CMakeFiles/gl30_host_test_sources.dir/mnt/g/Agent/GL30-Haptic-Control/tmp/github-sync-20261003/firmware-stm32/drivers/veml7700.c.o
[ 20%] Linking C executable bench_hw_diagnostic_tests
[ 22%] Building C object CMakeFiles/gl30_host_test_sources.dir/mnt/g/Agent/GL30-Haptic-Control/tmp/github-sync-20261003/firmware-stm32/drivers/factory_encoder_as5048a.c.o
lto-wrapper: warning: using serial compilation of 2 LTRANS jobs
[ 24%] Building C object CMakeFiles/gl30_host_test_sources.dir/mnt/g/Agent/GL30-Haptic-Control/tmp/github-sync-20261003/firmware-stm32/drivers/as5048a.c.o
[ 25%] Building C object CMakeFiles/gl30_host_test_sources.dir/mnt/g/Agent/GL30-Haptic-Control/tmp/github-sync-20261003/firmware-stm32/drivers/board_sense.c.o
[ 27%] Building C object CMakeFiles/gl30_host_test_sources.dir/mnt/g/Agent/GL30-Haptic-Control/tmp/github-sync-20261003/firmware-stm32/control/foc.c.o
[ 27%] Built target bench_hw_diagnostic_tests
[ 29%] Building C object CMakeFiles/bench_cordic_tests.dir/bench_cordic_tests.c.o
[ 31%] Building C object CMakeFiles/gl30_host_test_sources.dir/mnt/g/Agent/GL30-Haptic-Control/tmp/github-sync-20261003/firmware-stm32/control/current_zero.c.o
[ 33%] Building C object CMakeFiles/gl30_host_test_sources.dir/mnt/g/Agent/GL30-Haptic-Control/tmp/github-sync-20261003/firmware-stm32/control/control_lease.c.o
[ 35%] Linking C executable bench_cordic_tests
[ 37%] Building C object CMakeFiles/gl30_host_test_sources.dir/mnt/g/Agent/GL30-Haptic-Control/tmp/github-sync-20261003/firmware-stm32/haptics/haptics.c.o
[ 37%] Built target bench_cordic_tests
[ 38%] Building C object CMakeFiles/product_timebase_tests.dir/product_timebase_tests.c.o
[ 40%] Linking C executable product_timebase_tests
[ 42%] Building C object CMakeFiles/gl30_host_test_sources.dir/mnt/g/Agent/GL30-Haptic-Control/tmp/github-sync-20261003/firmware-stm32/bench/NUCLEO_G474RE_FOC/Core/Src/bench_haptics.c.o
[ 42%] Built target product_timebase_tests
[ 44%] Building C object CMakeFiles/product_driver_tests.dir/product_driver_tests.c.o
[ 46%] Linking C executable product_driver_tests
[ 48%] Building C object CMakeFiles/gl30_host_test_sources.dir/mnt/g/Agent/GL30-Haptic-Control/tmp/github-sync-20261003/firmware-stm32/safety/safety_supervisor.c.o
[ 50%] Building C object CMakeFiles/gl30_host_test_sources.dir/mnt/g/Agent/GL30-Haptic-Control/tmp/github-sync-20261003/firmware-stm32/trace/trace_buffer.c.o
[ 50%] Built target product_driver_tests
[ 51%] Building C object CMakeFiles/product_encoder_tests.dir/product_encoder_tests.c.o
[ 53%] Linking C executable product_encoder_tests
[ 55%] Linking C static library libgl30_host_test_sources.a
[ 55%] Built target product_encoder_tests
[ 57%] Building C object CMakeFiles/product_uart_rx_tests.dir/product_uart_rx_tests.c.o
[ 59%] Linking C executable product_uart_rx_tests
[ 59%] Built target gl30_host_test_sources
[ 61%] Building C object CMakeFiles/current_zero_tests.dir/current_zero_tests.c.o
[ 62%] Building C object CMakeFiles/current_zero_tests.dir/mnt/g/Agent/GL30-Haptic-Control/tmp/github-sync-20261003/firmware-stm32/control/current_zero.c.o
[ 64%] Linking C executable current_zero_tests
[ 64%] Built target product_uart_rx_tests
[ 66%] Building C object CMakeFiles/product_adc_zero_tests.dir/product_adc_zero_tests.c.o
[ 68%] Building C object CMakeFiles/product_adc_zero_tests.dir/mnt/g/Agent/GL30-Haptic-Control/tmp/github-sync-20261003/firmware-stm32/control/current_zero.c.o
[ 68%] Built target current_zero_tests
[ 70%] Building C object CMakeFiles/product_power_startup_tests.dir/product_power_startup_tests.c.o
[ 72%] Linking C executable product_adc_zero_tests
[ 74%] Building C object CMakeFiles/product_power_startup_tests.dir/mnt/g/Agent/GL30-Haptic-Control/tmp/github-sync-20261003/firmware-stm32/control/current_zero.c.o
[ 74%] Built target product_adc_zero_tests
[ 75%] Building C object CMakeFiles/product_power_startup_tests.dir/mnt/g/Agent/GL30-Haptic-Control/tmp/github-sync-20261003/firmware-stm32/control/control_lease.c.o
[ 77%] Building C object CMakeFiles/product_power_startup_tests.dir/mnt/g/Agent/GL30-Haptic-Control/tmp/github-sync-20261003/firmware-stm32/protocol/v6_protocol.c.o
[ 79%] Building C object CMakeFiles/product_power_startup_tests.dir/mnt/g/Agent/GL30-Haptic-Control/tmp/github-sync-20261003/firmware-stm32/safety/safety_supervisor.c.o
[ 81%] Building C object CMakeFiles/gl30_host_tests.dir/gl30_host_tests.c.o
[ 83%] Linking C executable product_power_startup_tests
[ 83%] Built target product_power_startup_tests
[ 85%] Linking C executable gl30_host_tests
[ 87%] Building C object CMakeFiles/control_lease_tests.dir/control_lease_tests.c.o
[ 88%] Linking C executable control_lease_tests
[ 88%] Built target gl30_host_tests
[ 88%] Built target control_lease_tests
[ 90%] Building C object CMakeFiles/foc_safety_tests.dir/foc_safety_tests.c.o
[ 92%] Building C object CMakeFiles/bench_app_diagnostic_tests.dir/bench_app_diagnostic_tests.c.o
[ 94%] Linking C executable foc_safety_tests
[ 94%] Built target foc_safety_tests
[ 96%] Building C object CMakeFiles/haptic_behaviour_tests.dir/haptic_behaviour_tests.c.o
[ 98%] Linking C executable bench_app_diagnostic_tests
[100%] Linking C executable haptic_behaviour_tests
lto-wrapper: warning: using serial compilation of 3 LTRANS jobs
[100%] Built target haptic_behaviour_tests
[100%] Built target bench_app_diagnostic_tests
Internal ctest changing into directory: /mnt/g/Agent/GL30-Haptic-Control/tmp/github-sync-20261003/build/public-stm32-release-lto
Test project /mnt/g/Agent/GL30-Haptic-Control/tmp/github-sync-20261003/build/public-stm32-release-lto
      Start  1: gl30-host-tests
 1/15 Test  #1: gl30-host-tests ..................   Passed    0.01 sec
      Start  2: control-lease-tests
 2/15 Test  #2: control-lease-tests ..............   Passed    0.00 sec
      Start  3: foc-safety-tests
 3/15 Test  #3: foc-safety-tests .................   Passed    0.01 sec
      Start  4: bench-safety-tests
 4/15 Test  #4: bench-safety-tests ...............   Passed    0.00 sec
      Start  5: bench-hw-diagnostic-tests
 5/15 Test  #5: bench-hw-diagnostic-tests ........   Passed    0.00 sec
      Start  6: bench-app-diagnostic-tests
 6/15 Test  #6: bench-app-diagnostic-tests .......   Passed    0.01 sec
      Start  7: haptic-behaviour-tests
 7/15 Test  #7: haptic-behaviour-tests ...........   Passed    0.00 sec
      Start  8: bench-cordic-tests
 8/15 Test  #8: bench-cordic-tests ...............   Passed    0.02 sec
      Start  9: product-timebase-tests
 9/15 Test  #9: product-timebase-tests ...........   Passed    0.00 sec
      Start 10: product-driver-tests
10/15 Test #10: product-driver-tests .............   Passed    0.00 sec
      Start 11: product-encoder-tests
11/15 Test #11: product-encoder-tests ............   Passed    0.00 sec
      Start 12: product-uart-rx-tests
12/15 Test #12: product-uart-rx-tests ............   Passed    0.00 sec
      Start 13: current-zero-tests
13/15 Test #13: current-zero-tests ...............   Passed    0.00 sec
      Start 14: product-adc-zero-tests
14/15 Test #14: product-adc-zero-tests ...........   Passed    0.00 sec
      Start 15: product-power-startup-tests
15/15 Test #15: product-power-startup-tests ......   Passed    0.00 sec

100% tests passed, 0 tests failed out of 15

Total Test time (real) =   0.13 sec
